\BOOKMARK [1][-]{section.1}{\376\377\000O\000b\000j\000e\000c\000t\000i\000f\000\040\000d\000u\000\040\000c\000o\000u\000r\000s}{}% 1
\BOOKMARK [1][-]{section.2}{\376\377\000C\000a\000d\000r\000e\000\040\000p\000r\000o\000b\000a\000b\000i\000l\000i\000s\000t\000e\000\040\000e\000t\000\040\000n\000o\000t\000a\000t\000i\000o\000n\000s}{}% 2
\BOOKMARK [2][-]{subsection.2.1}{\376\377\000E\000s\000p\000a\000c\000e\000\040\000d\000e\000\040\000t\000r\000a\000v\000a\000i\000l}{section.2}% 3
\BOOKMARK [2][-]{subsection.2.2}{\376\377\000V\000a\000r\000i\000a\000b\000l\000e\000s\000\040\000a\000l\000\351\000a\000t\000o\000i\000r\000e\000s\000,\000\040\000r\000\351\000a\000l\000i\000s\000a\000t\000i\000o\000n\000s\000\040\000e\000t\000\040\000c\000o\000n\000v\000e\000n\000t\000i\000o\000n\000\040\000d\000'\000i\000n\000d\000i\000c\000e\000s}{section.2}% 4
\BOOKMARK [1][-]{section.3}{\376\377\000G\000\351\000n\000\351\000r\000a\000t\000i\000o\000n\000\040\000c\000o\000m\000m\000e\000\040\000t\000r\000a\000n\000s\000p\000o\000r\000t\000\040\000d\000e\000\040\000m\000e\000s\000u\000r\000e\000s}{}% 5
\BOOKMARK [2][-]{subsection.3.1}{\376\377\000F\000l\000o\000t\000\040\000d\000\351\000t\000e\000r\000m\000i\000n\000i\000s\000t\000e\000\040\000e\000t\000\040\000t\000h\000\351\000o\000r\000\350\000m\000e\000\040\000d\000e\000\040\000C\000a\000u\000c\000h\000y\040\023\000L\000i\000p\000s\000c\000h\000i\000t\000z}{section.3}% 6
\BOOKMARK [2][-]{subsection.3.2}{\376\377\000D\000\351\000r\000i\000v\000a\000t\000i\000o\000n\000\040\000h\000e\000u\000r\000i\000s\000t\000i\000q\000u\000e\000\040\000p\000a\000r\000\040\000b\000i\000l\000a\000n\000\040\000d\000e\000\040\000f\000l\000u\000x}{section.3}% 7
\BOOKMARK [2][-]{subsection.3.3}{\376\377\000\311\000q\000u\000a\000t\000i\000o\000n\000\040\000d\000e\000\040\000c\000o\000n\000t\000i\000n\000u\000i\000t\000\351\000\040\000\050\000f\000o\000r\000m\000u\000l\000a\000t\000i\000o\000n\000\040\000f\000o\000r\000t\000e\000\051}{section.3}% 8
\BOOKMARK [2][-]{subsection.3.4}{\376\377\000F\000o\000r\000m\000u\000l\000a\000t\000i\000o\000n\000\040\000f\000a\000i\000b\000l\000e}{section.3}% 9
\BOOKMARK [1][-]{section.4}{\376\377\000T\000r\000a\000n\000s\000p\000o\000r\000t\000\040\000o\000p\000t\000i\000m\000a\000l\000\040\000e\000t\000\040\000f\000o\000r\000m\000u\000l\000e\000\040\000d\000e\000\040\000B\000e\000n\000a\000m\000o\000u\040\023\000B\000r\000e\000n\000i\000e\000r}{}% 10
\BOOKMARK [2][-]{subsection.4.1}{\376\377\000P\000r\000o\000b\000l\000\350\000m\000e\000\040\000d\000e\000\040\000M\000o\000n\000g\000e\040\023\000K\000a\000n\000t\000o\000r\000o\000v\000i\000c\000h}{section.4}% 11
\BOOKMARK [2][-]{subsection.4.2}{\376\377\000F\000o\000r\000m\000u\000l\000a\000t\000i\000o\000n\000\040\000d\000y\000n\000a\000m\000i\000q\000u\000e\000\040\000d\000e\000\040\000B\000e\000n\000a\000m\000o\000u\040\023\000B\000r\000e\000n\000i\000e\000r}{section.4}% 12
\BOOKMARK [2][-]{subsection.4.3}{\376\377\000T\000h\000\351\000o\000r\000\350\000m\000e\000\040\000d\000e\000\040\000B\000r\000e\000n\000i\000e\000r\000\040\000e\000t\000\040\000c\000a\000r\000a\000c\000t\000\351\000r\000i\000s\000a\000t\000i\000o\000n\000\040\000d\000u\000\040\000t\000r\000a\000n\000s\000p\000o\000r\000t\000\040\000o\000p\000t\000i\000m\000a\000l\000\040\000q\000u\000a\000d\000r\000a\000t\000i\000q\000u\000e}{section.4}% 13
\BOOKMARK [1][-]{section.5}{\376\377\000M\000\351\000t\000h\000o\000d\000e\000\040\000c\000l\000a\000s\000s\000i\000q\000u\000e\000\040\000:\000\040\000l\000e\000s\000\040\000C\000o\000n\000t\000i\000n\000u\000o\000u\000s\000\040\000N\000o\000r\000m\000a\000l\000i\000z\000i\000n\000g\000\040\000F\000l\000o\000w\000s}{}% 14
\BOOKMARK [2][-]{subsection.5.1}{\376\377\000M\000o\000d\000\350\000l\000e\000\040\000e\000t\000\040\000v\000r\000a\000i\000s\000e\000m\000b\000l\000a\000n\000c\000e\000\040\000e\000x\000a\000c\000t\000e}{section.5}% 15
\BOOKMARK [2][-]{subsection.5.2}{\376\377\000F\000o\000r\000m\000u\000l\000e\000\040\000d\000e\000\040\000c\000h\000a\000n\000g\000e\000m\000e\000n\000t\000\040\000d\000e\000\040\000v\000a\000r\000i\000a\000b\000l\000e\000s\000\040\000i\000n\000s\000t\000a\000n\000t\000a\000n\000\351\000e}{section.5}% 16
\BOOKMARK [2][-]{subsection.5.3}{\376\377\000C\000o\000\373\000t\000\040\000d\000e\000\040\000l\000'\000e\000n\000t\000r\000a\000\356\000n\000e\000m\000e\000n\000t\000\040\000p\000a\000r\000\040\000m\000a\000x\000i\000m\000u\000m\000\040\000d\000e\000\040\000v\000r\000a\000i\000s\000e\000m\000b\000l\000a\000n\000c\000e}{section.5}% 17
\BOOKMARK [1][-]{section.6}{\376\377\000C\000o\000n\000s\000t\000r\000u\000c\000t\000i\000o\000n\000\040\000d\000e\000s\000\040\000c\000h\000e\000m\000i\000n\000s\000\040\000d\000e\000\040\000p\000r\000o\000b\000a\000b\000i\000l\000i\000t\000\351\000\040\000c\000o\000n\000d\000i\000t\000i\000o\000n\000n\000e\000l\000s}{}% 18
\BOOKMARK [2][-]{subsection.6.1}{\376\377\000C\000o\000u\000p\000l\000a\000g\000e\000\040\000e\000n\000t\000r\000e\000\040\000s\000o\000u\000r\000c\000e\000\040\000e\000t\000\040\000c\000i\000b\000l\000e}{section.6}% 19
\BOOKMARK [2][-]{subsection.6.2}{\376\377\000C\000h\000e\000m\000i\000n\000\040\000d\000e\000\040\000p\000r\000o\000b\000a\000b\000i\000l\000i\000t\000\351\000\040\000c\000o\000n\000d\000i\000t\000i\000o\000n\000n\000e\000l}{section.6}% 20
\BOOKMARK [2][-]{subsection.6.3}{\376\377\000V\000i\000t\000e\000s\000s\000e\000\040\000c\000o\000n\000d\000i\000t\000i\000o\000n\000n\000e\000l\000l\000e}{section.6}% 21
\BOOKMARK [2][-]{subsection.6.4}{\376\377\000C\000h\000a\000m\000p\000\040\000d\000e\000\040\000v\000i\000t\000e\000s\000s\000e\000\040\000m\000a\000r\000g\000i\000n\000a\000l\000\040\000e\000t\000\040\000t\000h\000\351\000o\000r\000\350\000m\000e\000\040\000d\000e\000\040\000m\000a\000r\000g\000i\000n\000a\000l\000i\000s\000a\000t\000i\000o\000n}{section.6}% 22
\BOOKMARK [1][-]{section.7}{\376\377\000S\000c\000h\000e\000d\000u\000l\000e\000s\000\040\000d\000'\000i\000n\000t\000e\000r\000p\000o\000l\000a\000t\000i\000o\000n\000\040\000g\000a\000u\000s\000s\000i\000e\000n\000n\000e}{}% 23
\BOOKMARK [2][-]{subsection.7.1}{\376\377\000S\000c\000h\000e\000d\000u\000l\000e\000\040\000l\000i\000n\000\351\000a\000i\000r\000e\000\040\000\050\000r\000e\000c\000t\000i\000f\000i\000e\000d\000\040\000f\000l\000o\000w\000\051}{section.7}% 24
\BOOKMARK [2][-]{subsection.7.2}{\376\377\000S\000c\000h\000e\000d\000u\000l\000e\000\040\000c\000o\000s\000i\000n\000u\000s}{section.7}% 25
\BOOKMARK [2][-]{subsection.7.3}{\376\377\000C\000a\000d\000r\000e\000\040\000g\000a\000u\000s\000s\000i\000e\000n\000\040\000g\000\351\000n\000\351\000r\000a\000l\000\040\000:\000\040\000s\000c\000h\000e\000d\000u\000l\000e\000s\000\040\000v\000a\000r\000i\000a\000n\000c\000e\000\040\000p\000r\000e\000s\000e\000r\000v\000i\000n\000g\000\040\000e\000t\000\040\000v\000a\000r\000i\000a\000n\000c\000e\000\040\000e\000x\000p\000l\000o\000d\000i\000n\000g}{section.7}% 26
\BOOKMARK [2][-]{subsection.7.4}{\376\377\000A\000n\000a\000l\000y\000s\000e\000\040\000d\000e\000\040\000c\000o\000v\000a\000r\000i\000a\000n\000c\000e}{section.7}% 27
\BOOKMARK [1][-]{section.8}{\376\377\000O\000b\000j\000e\000c\000t\000i\000f\000\040\000d\000'\000a\000p\000p\000r\000e\000n\000t\000i\000s\000s\000a\000g\000e\000\040\000:\000\040\000f\000l\000o\000w\000\040\000m\000a\000t\000c\000h\000i\000n\000g}{}% 28
\BOOKMARK [2][-]{subsection.8.1}{\376\377\000R\000i\000s\000q\000u\000e\000\040\000q\000u\000a\000d\000r\000a\000t\000i\000q\000u\000e\000\040\000c\000o\000n\000d\000i\000t\000i\000o\000n\000n\000e\000l}{section.8}% 29
\BOOKMARK [2][-]{subsection.8.2}{\376\377\000T\000h\000\351\000o\000r\000\350\000m\000e\000\040\000d\000e\000\040\000r\000\351\000g\000r\000e\000s\000s\000i\000o\000n\000\040\000e\000t\000\040\000\351\000q\000u\000i\000v\000a\000l\000e\000n\000c\000e\000\040\000d\000e\000s\000\040\000m\000i\000n\000i\000m\000i\000s\000e\000u\000r\000s}{section.8}% 30
\BOOKMARK [1][-]{section.9}{\376\377\000T\000r\000a\000n\000s\000p\000o\000r\000t\000\040\000o\000p\000t\000i\000m\000a\000l\000\040\000e\000t\000\040\000f\000l\000o\000w\000\040\000m\000a\000t\000c\000h\000i\000n\000g}{}% 31
\BOOKMARK [2][-]{subsection.9.1}{\376\377\000C\000o\000u\000p\000l\000a\000g\000e\000s\000\040\000p\000a\000r\000\040\000t\000r\000a\000n\000s\000p\000o\000r\000t\000\040\000o\000p\000t\000i\000m\000a\000l\000\040\000e\000n\000\040\000m\000i\000n\000i\000b\000a\000t\000c\000h\000\040\000\050\000O\000T\000-\000C\000F\000M\000\051}{section.9}% 32
\BOOKMARK [2][-]{subsection.9.2}{\376\377\000O\000p\000t\000i\000m\000a\000l\000\040\000F\000l\000o\000w\000\040\000M\000a\000t\000c\000h\000i\000n\000g\000\040\000:\000\040\000u\000n\000\040\000f\000l\000o\000t\000\040\000r\000e\000c\000t\000i\000l\000i\000g\000n\000e\000\040\000e\000x\000a\000c\000t\000\040\000e\000n\000\040\000u\000n\000e\000\040\000\351\000t\000a\000p\000e\000\040\000\050\000O\000F\000M\000\051}{section.9}% 33
\BOOKMARK [1][-]{section.10}{\376\377\000G\000\351\000n\000\351\000r\000a\000t\000i\000o\000n\000\040\000p\000a\000r\000\040\000i\000n\000t\000\351\000g\000r\000a\000t\000i\000o\000n\000\040\000n\000u\000m\000\351\000r\000i\000q\000u\000e}{}% 34
\BOOKMARK [2][-]{subsection.10.1}{\376\377\000O\000D\000E\000\040\000d\000e\000\040\000g\000\351\000n\000\351\000r\000a\000t\000i\000o\000n\000\040\000e\000t\000\040\000e\000r\000r\000e\000u\000r\000\040\000d\000e\000\040\000d\000i\000s\000c\000r\000\351\000t\000i\000s\000a\000t\000i\000o\000n}{section.10}% 35
\BOOKMARK [1][-]{section.11}{\376\377\000E\000x\000e\000m\000p\000l\000e\000\040\0001\000\040\000:\000\040\000d\000i\000s\000t\000r\000i\000b\000u\000t\000i\000o\000n\000\040\0002\000D\000\040\000m\000a\000k\000e\000\137\000m\000o\000o\000n\000s}{}% 36
\BOOKMARK [2][-]{subsection.11.1}{\376\377\000C\000o\000n\000s\000t\000r\000u\000c\000t\000i\000o\000n\000\040\000d\000u\000\040\000d\000a\000t\000a\000s\000e\000t}{section.11}% 37
\BOOKMARK [2][-]{subsection.11.2}{\376\377\000C\000o\000d\000e\000\040\000m\000i\000n\000i\000m\000a\000l}{section.11}% 38
\BOOKMARK [2][-]{subsection.11.3}{\376\377\000S\000c\000h\000\351\000m\000a\000\040\000d\000u\000\040\000m\000o\000d\000\350\000l\000e\000\040\000e\000t\000\040\000s\000o\000r\000t\000i\000e\000\040\000d\000u\000\040\000n\000o\000t\000e\000b\000o\000o\000k}{section.11}% 39
\BOOKMARK [2][-]{subsection.11.4}{\376\377\000V\000a\000r\000i\000a\000n\000t\000e\000\040\000O\000T\000-\000C\000F\000M\000\040\000s\000u\000r\000\040\000m\000a\000k\000e\000\137\000m\000o\000o\000n\000s\000\040\000:\000\040\000c\000o\000m\000p\000a\000r\000a\000i\000s\000o\000n\000\040\000d\000e\000s\000\040\000v\000e\000c\000t\000e\000u\000r\000s}{section.11}% 40
\BOOKMARK [1][-]{section.12}{\376\377\000E\000x\000e\000m\000p\000l\000e\000\040\0002\000\040\000:\000\040\000M\000N\000I\000S\000T\000\040\000a\000v\000e\000c\000\040\000U\000-\000N\000e\000t}{}% 41
\BOOKMARK [2][-]{subsection.12.1}{\376\377\000P\000a\000s\000s\000a\000g\000e\000\040\000a\000u\000x\000\040\000i\000m\000a\000g\000e\000s}{section.12}% 42
\BOOKMARK [2][-]{subsection.12.2}{\376\377\000I\000n\000t\000e\000r\000p\000o\000l\000a\000t\000i\000o\000n\000\040\000u\000t\000i\000l\000i\000s\000\351\000e}{section.12}% 43
\BOOKMARK [2][-]{subsection.12.3}{\376\377\000B\000o\000u\000c\000l\000e\000\040\000d\000'\000e\000n\000t\000r\000a\000\356\000n\000e\000m\000e\000n\000t}{section.12}% 44
\BOOKMARK [2][-]{subsection.12.4}{\376\377\000S\000c\000h\000\351\000m\000a\000\040\000d\000u\000\040\000U\000-\000N\000e\000t\000\040\000e\000t\000\040\000s\000o\000r\000t\000i\000e\000\040\000d\000u\000\040\000n\000o\000t\000e\000b\000o\000o\000k}{section.12}% 45
\BOOKMARK [2][-]{subsection.12.5}{\376\377\000V\000a\000r\000i\000a\000n\000t\000e\000\040\000O\000T\000-\000C\000F\000M\000\040\000s\000u\000r\000\040\000M\000N\000I\000S\000T\000\040\000:\000\040\000c\000o\000m\000p\000a\000r\000a\000i\000s\000o\000n\000\040\000d\000e\000s\000\040\000v\000e\000c\000t\000e\000u\000r\000s\000\040\000e\000n\000\040\000e\000s\000p\000a\000c\000e\000\040\000i\000m\000a\000g\000e}{section.12}% 46
\BOOKMARK [1][-]{section.13}{\376\377\000C\000o\000m\000p\000a\000r\000a\000i\000s\000o\000n\000\040\000e\000x\000p\000\351\000r\000i\000m\000e\000n\000t\000a\000l\000e\000\040\000:\000\040\000C\000F\000M\000\040\000c\000o\000n\000t\000r\000e\000\040\000O\000T\000-\000C\000F\000M}{}% 47
\BOOKMARK [2][-]{subsection.13.1}{\376\377\000R\000e\000c\000t\000i\000t\000u\000d\000e\000\040\000d\000e\000s\000\040\000t\000r\000a\000j\000e\000c\000t\000o\000i\000r\000e\000s\000\040\000e\000t\000\040\000\351\000n\000e\000r\000g\000i\000e\000\040\000c\000i\000n\000\351\000t\000i\000q\000u\000e\000\040\000s\000u\000r\000\040\000m\000a\000k\000e\000\137\000m\000o\000o\000n\000s}{section.13}% 48
\BOOKMARK [2][-]{subsection.13.2}{\376\377\000Q\000u\000a\000l\000i\000t\000\351\000\040\000d\000e\000\040\000g\000\351\000n\000\351\000r\000a\000t\000i\000o\000n\000\040\000e\000n\000\040\000f\000o\000n\000c\000t\000i\000o\000n\000\040\000d\000u\000\040\000n\000o\000m\000b\000r\000e\000\040\000d\000e\000\040\000p\000a\000s\000\040\000\050\000N\000F\000E\000\051}{section.13}% 49
\BOOKMARK [2][-]{subsection.13.3}{\376\377\000S\000u\000r\000\040\000M\000N\000I\000S\000T\000\040\000:\000\040\000q\000u\000a\000l\000i\000t\000\351\000\040\000v\000i\000s\000u\000e\000l\000l\000e\000\040\000\340\000\040\000f\000a\000i\000b\000l\000e\000\040\000N\000F\000E}{section.13}% 50
\BOOKMARK [1][-]{section.14}{\376\377\000R\000\351\000s\000u\000m\000\351\000\040\000c\000o\000n\000c\000e\000p\000t\000u\000e\000l}{}% 51
\BOOKMARK [1][-]{section.15}{\376\377\000E\000x\000e\000r\000c\000i\000c\000e\000s}{}% 52
\BOOKMARK [1][-]{section.16}{\376\377\000O\000u\000v\000e\000r\000t\000u\000r\000e}{}% 53
